
> zeto-mart-frontend@0.0.0 prebuild
> npm run copy-images


> zeto-mart-frontend@0.0.0 copy-images
> node scripts/copy-images.js

Starting image copy process...
Image copy completed!

> zeto-mart-frontend@0.0.0 build
> tsc && vite build

src/components/AppLayout.tsx(428,26): error TS18048: 'cart.itemCount' is possibly 'undefined'.
