src/modules/user/Home.tsx(87,37): error TS2339: Property 'homeSections' does not exist on type '{ bestsellers: any[]; lowestPrices?: any[] | undefined; categories: any[]; shops: any[]; promoBanners: any[]; trending: any[]; cookingIdeas: any[]; promoCards?: any[] | undefined; promoStrip?: any; }'.
src/modules/user/Home.tsx(88,27): error TS2339: Property 'homeSections' does not exist on type '{ bestsellers: any[]; lowestPrices?: any[] | undefined; categories: any[]; shops: any[]; promoBanners: any[]; trending: any[]; cookingIdeas: any[]; promoCards?: any[] | undefined; promoStrip?: any; }'.
