
> dhakad-snazzy-backend@1.0.0 build
> tsc

src/modules/admin/controllers/adminComboController.ts(8,32): error TS2339: Property 'sellerId' does not exist on type 'TokenPayload'.
src/modules/admin/controllers/adminComboController.ts(88,53): error TS2339: Property 'sellerId' does not exist on type 'TokenPayload'.
src/modules/admin/controllers/adminComboController.ts(141,53): error TS2339: Property 'sellerId' does not exist on type 'TokenPayload'.
src/modules/admin/controllers/adminComboController.ts(201,53): error TS2339: Property 'sellerId' does not exist on type 'TokenPayload'.
src/modules/admin/controllers/adminProductSlotController.ts(9,57): error TS6133: 'req' is declared but its value is never read.
