
> dhakad-snazzy-backend@1.0.0 build
> tsc

src/modules/customer/controllers/customerHomeController.ts(934,42): error TS7030: Not all code paths return a value.
