src/services/commissionService.ts(10,1): error TS6133: 'SubCategory' is declared but its value is never read.
src/services/commissionService.ts(14,1): error TS6133: 'HeaderCategory' is declared but its value is never read.
